== 1) publica/atualiza o pacote no Porch (repo=openran-cnfs pkg=openran-nfs) ==
   revisão mais recente: openran-cnfs.openran-nfs.v1789101547 — criando uma NOVA revisão a partir dela (rpkg copy)
openran-cnfs.openran-nfs.v1789101570 created
openran-cnfs.openran-nfs.v1789101570 pushed
openran-cnfs.openran-nfs.v1789101570 proposed
openran-cnfs.openran-nfs.v1789101570 approved
NAME                                   PACKAGE       WORKSPACENAME   REVISION   LATEST   LIFECYCLE   REPOSITORY
openran-cnfs.openran-nfs.v1789101570   openran-nfs   v1789101570     7          true     Published   openran-cnfs

== 2) puxa o conteúdo PUBLICADO (fonte de verdade = Porch/Gitea, não o disco local) ==

== 3) reconcilia no o-cloud-1 via kpt live apply (ResourceGroup = inventário declarativo) ==
inventory update started
inventory update finished
apply phase started
namespace/openran-lab apply successful
apply phase finished
reconcile phase started
namespace/openran-lab reconcile successful
reconcile phase finished
apply phase started
configmap/oran-cu-identity apply successful
configmap/oran-du-identity apply successful
service/oran-cu apply successful
service/oran-du apply successful
deployment.apps/oran-cu apply successful
deployment.apps/oran-du apply successful
apply phase finished
reconcile phase started
configmap/oran-cu-identity reconcile successful
configmap/oran-du-identity reconcile successful
service/oran-cu reconcile successful
service/oran-du reconcile successful
deployment.apps/oran-cu reconcile successful
deployment.apps/oran-du reconcile successful
reconcile phase finished
prune phase started
deployment.apps/oran-core prune successful
service/oran-core prune successful
configmap/oran-core-identity prune successful
prune phase finished
reconcile phase started
configmap/oran-core-identity reconcile successful
service/oran-core reconcile successful
deployment.apps/oran-core reconcile successful
reconcile phase finished
inventory update started
inventory update finished
apply result: 7 attempted, 7 successful, 0 skipped, 0 failed
prune result: 3 attempted, 3 successful, 0 skipped, 0 failed
reconcile result: 10 attempted, 10 successful, 0 skipped, 0 failed, 0 timed out

== 4) validação ==
NAME                      READY   UP-TO-DATE   AVAILABLE   AGE   CONTAINERS   IMAGES       SELECTOR
deployment.apps/oran-cu   1/1     1            1           81s   oran-cu      oran-cu:v1   app=oran-cu
deployment.apps/oran-du   1/1     1            1           81s   oran-du      oran-du:v1   app=oran-du

NAME                           READY   STATUS    RESTARTS   AGE   IP             NODE                               NOMINATED NODE   READINESS GATES
pod/oran-cu-c44ff566c-jq728    1/1     Running   0          25s   192.168.1.26   o-cloud-1-md-0-ddvzl-glj9m-gwk9f   <none>           <none>
pod/oran-du-7d44959c84-sf26s   1/1     Running   0          42s   192.168.1.25   o-cloud-1-md-0-ddvzl-glj9m-gwk9f   <none>           <none>

NAME              TYPE        CLUSTER-IP      EXTERNAL-IP   PORT(S)    AGE   SELECTOR
service/oran-cu   ClusterIP   10.131.23.2     <none>        8080/TCP   81s   app=oran-cu
service/oran-du   ClusterIP   10.139.225.14   <none>        8080/TCP   81s   app=oran-du
oran-cu -> 200 {"status":"ok","nf_name":"oran-cu","nf_type":"O-CU","nf_version":"v2","uptime_seconds":21.4}
oran-du -> 200 {"status":"ok","nf_name":"oran-du","nf_type":"O-DU","nf_version":"v1","uptime_seconds":37.5}
oran-core -> (não presente no pacote atual)
